{
  "expected_rules": ["missing-location", "missing-email", "no-trips"],
  "rationale": [
    "Guest does not have a location defined.",
    "Guest has not provided an email address.",
    "Guest has not completed any trips."
  ]
}
