{
  "score": 25,
  "level": "low",
  "expected_rules": ["missing-email", "no-trips"],
  "rationale": [
    "Guest has not provided an email address.",
    "Guest has not completed any trips."
  ]
}
